[36mvite v7.3.1 [32mbuilding client environment for production...[36m[39m
transforming...
[32mΓ£ô[39m 2140 modules transformed.
node.exe : [31mΓ£ù[39m 
Build failed in 2.00s
At C:\Program 
Files\nodejs\npx.ps1:29 
char:3
+   & $NODE_EXE $NPX_CLI_JS 
$args
+   
~~~~~~~~~~~~~~~~~~~~~~~~~~~~~
    + CategoryInfo           
   : NotSpecified: ([31mΓ£  
  ù[39m Build failed in 2   
 .00s:String) [], RemoteE    
xception
    + FullyQualifiedErrorId  
   : NativeCommandError
 
[31merror during build:
[31msrc/components/grid/Skil
lsSection.jsx (4:20): "Tool" 
is not exported by "node_modu
les/lucide-react/dist/esm/luc
ide-react.js", imported by "s
rc/components/grid/SkillsSect
ion.jsx".[31m
file: [36mC:/Users/retik/VSC
ODE/WEBDEV/Projects/RetiX/src
/components/grid/SkillsSectio
n.jsx:4:20[31m
[33m
2: import { motion, 
AnimatePresence } from 
'framer-motion';
3: import GridItem from 
'./GridItem';
4: import { Code, Box, Tool, 
Heart } from 'lucide-react';
                       ^
5: 
6: const SKILLS = [
[31m
    at getRollupError (file:/
//C:/Users/retik/VSCODE/WEBDE
V/Projects/RetiX/node_modules
/rollup/dist/es/shared/parseA
st.js:402:41)
    at error (file:///C:/User
s/retik/VSCODE/WEBDEV/Project
s/RetiX/node_modules/rollup/d
ist/es/shared/parseAst.js:398
:42)
    at Module.error (file:///
C:/Users/retik/VSCODE/WEBDEV/
Projects/RetiX/node_modules/r
ollup/dist/es/shared/node-ent
ry.js:17040:16)
    at Module.traceVariable (
file:///C:/Users/retik/VSCODE
/WEBDEV/Projects/RetiX/node_m
odules/rollup/dist/es/shared/
node-entry.js:17452:29)
    at 
ModuleScope.findVariable (fil
e:///C:/Users/retik/VSCODE/WE
BDEV/Projects/RetiX/node_modu
les/rollup/dist/es/shared/nod
e-entry.js:15070:39)
    at Identifier.bind (file:
///C:/Users/retik/VSCODE/WEBD
EV/Projects/RetiX/node_module
s/rollup/dist/es/shared/node-
entry.js:5447:40)
    at Property.bind (file://
/C:/Users/retik/VSCODE/WEBDEV
/Projects/RetiX/node_modules/
rollup/dist/es/shared/node-en
try.js:2829:23)
    at ObjectExpression.bind 
(file:///C:/Users/retik/VSCOD
E/WEBDEV/Projects/RetiX/node_
modules/rollup/dist/es/shared
/node-entry.js:2825:28)
    at ArrayExpression.bind (
file:///C:/Users/retik/VSCODE
/WEBDEV/Projects/RetiX/node_m
odules/rollup/dist/es/shared/
node-entry.js:2825:28)
    at 
VariableDeclarator.bind (file
:///C:/Users/retik/VSCODE/WEB
DEV/Projects/RetiX/node_modul
es/rollup/dist/es/shared/node
-entry.js:2829:23)[39m
